   Compiling tidb_query_datatype v0.0.1 (/home/agent/tidb/expression-unification/tikv/components/tidb_query_datatype)
    Finished `test` profile [unoptimized] target(s) in 1.68s
warning: the following packages contain code that will be rejected by a future version of Rust: criterion v0.3.5, nom v2.2.1
note: to see what the problems were, use the option `--future-incompat-report`, or run `cargo report future-incompatibilities --id 1`
     Running unittests src/lib.rs (/home/agent/tidb/expression-unification/target-tikv/debug/deps/tidb_query_datatype-c69038c34a9f9f38)

running 2 tests
test codec::datum::tests::test_decimal_result_text_json_key_and_other_datums ... ok
test codec::datum::tests::test_decimal_result_text_preserves_raw_display_contract ... K_RESULT literal=0.00 visible=0 text="0" cell=[1, 2, 0, 0, 0, 0, 0, 0, 0, 0, 0, 0, 0, 0, 0, 0, 0, 0, 0, 0, 0, 0, 0, 0, 0, 0, 0, 0, 0, 0, 0, 0, 0, 0, 0, 0, 42, 0, 0, 0]
K_RESULT literal=0.00 visible=1 text="0.0" cell=[1, 2, 1, 0, 0, 0, 0, 0, 0, 0, 0, 0, 0, 0, 0, 0, 0, 0, 0, 0, 0, 0, 0, 0, 0, 0, 0, 0, 0, 0, 0, 0, 0, 0, 0, 0, 42, 0, 0, 0]
K_RESULT literal=0.00 visible=2 text="0.00" cell=[1, 2, 2, 0, 0, 0, 0, 0, 0, 0, 0, 0, 0, 0, 0, 0, 0, 0, 0, 0, 0, 0, 0, 0, 0, 0, 0, 0, 0, 0, 0, 0, 0, 0, 0, 0, 42, 0, 0, 0]
K_RESULT literal=0.00 visible=3 text="0.000" cell=[1, 2, 3, 0, 0, 0, 0, 0, 0, 0, 0, 0, 0, 0, 0, 0, 0, 0, 0, 0, 0, 0, 0, 0, 0, 0, 0, 0, 0, 0, 0, 0, 0, 0, 0, 0, 42, 0, 0, 0]
K_RESULT literal=0.00 visible=30 text="0.000000000000000000000000000000" cell=[1, 2, 30, 0, 0, 0, 0, 0, 0, 0, 0, 0, 0, 0, 0, 0, 0, 0, 0, 0, 0, 0, 0, 0, 0, 0, 0, 0, 0, 0, 0, 0, 0, 0, 0, 0, 42, 0, 0, 0]
K_RESULT literal=0.00 visible=31 text="0.000000000000000000000000000000" cell=[1, 2, 31, 0, 0, 0, 0, 0, 0, 0, 0, 0, 0, 0, 0, 0, 0, 0, 0, 0, 0, 0, 0, 0, 0, 0, 0, 0, 0, 0, 0, 0, 0, 0, 0, 0, 42, 0, 0, 0]
K_RESULT literal=0.00 visible=127 text="0.000000000000000000000000000000" cell=[1, 2, 127, 0, 0, 0, 0, 0, 0, 0, 0, 0, 0, 0, 0, 0, 0, 0, 0, 0, 0, 0, 0, 0, 0, 0, 0, 0, 0, 0, 0, 0, 0, 0, 0, 0, 42, 0, 0, 0]
K_RESULT literal=0.00 visible=128 text="0" cell=[1, 2, 128, 0, 0, 0, 0, 0, 0, 0, 0, 0, 0, 0, 0, 0, 0, 0, 0, 0, 0, 0, 0, 0, 0, 0, 0, 0, 0, 0, 0, 0, 0, 0, 0, 0, 42, 0, 0, 0]
K_RESULT literal=0.00 visible=255 text="0" cell=[1, 2, 255, 0, 0, 0, 0, 0, 0, 0, 0, 0, 0, 0, 0, 0, 0, 0, 0, 0, 0, 0, 0, 0, 0, 0, 0, 0, 0, 0, 0, 0, 0, 0, 0, 0, 42, 0, 0, 0]
K_RESULT literal=-0.00 visible=0 text="0" cell=[1, 2, 0, 1, 0, 0, 0, 0, 0, 0, 0, 0, 0, 0, 0, 0, 0, 0, 0, 0, 0, 0, 0, 0, 0, 0, 0, 0, 0, 0, 0, 0, 0, 0, 0, 0, 42, 0, 0, 0]
K_RESULT literal=-0.00 visible=1 text="0.0" cell=[1, 2, 1, 1, 0, 0, 0, 0, 0, 0, 0, 0, 0, 0, 0, 0, 0, 0, 0, 0, 0, 0, 0, 0, 0, 0, 0, 0, 0, 0, 0, 0, 0, 0, 0, 0, 42, 0, 0, 0]
K_RESULT literal=-0.00 visible=2 text="-0.00" cell=[1, 2, 2, 1, 0, 0, 0, 0, 0, 0, 0, 0, 0, 0, 0, 0, 0, 0, 0, 0, 0, 0, 0, 0, 0, 0, 0, 0, 0, 0, 0, 0, 0, 0, 0, 0, 42, 0, 0, 0]
K_RESULT literal=-0.00 visible=3 text="-0.000" cell=[1, 2, 3, 1, 0, 0, 0, 0, 0, 0, 0, 0, 0, 0, 0, 0, 0, 0, 0, 0, 0, 0, 0, 0, 0, 0, 0, 0, 0, 0, 0, 0, 0, 0, 0, 0, 42, 0, 0, 0]
K_RESULT literal=-0.00 visible=30 text="-0.000000000000000000000000000000" cell=[1, 2, 30, 1, 0, 0, 0, 0, 0, 0, 0, 0, 0, 0, 0, 0, 0, 0, 0, 0, 0, 0, 0, 0, 0, 0, 0, 0, 0, 0, 0, 0, 0, 0, 0, 0, 42, 0, 0, 0]
K_RESULT literal=-0.00 visible=31 text="-0.000000000000000000000000000000" cell=[1, 2, 31, 1, 0, 0, 0, 0, 0, 0, 0, 0, 0, 0, 0, 0, 0, 0, 0, 0, 0, 0, 0, 0, 0, 0, 0, 0, 0, 0, 0, 0, 0, 0, 0, 0, 42, 0, 0, 0]
K_RESULT literal=-0.00 visible=127 text="-0.000000000000000000000000000000" cell=[1, 2, 127, 1, 0, 0, 0, 0, 0, 0, 0, 0, 0, 0, 0, 0, 0, 0, 0, 0, 0, 0, 0, 0, 0, 0, 0, 0, 0, 0, 0, 0, 0, 0, 0, 0, 42, 0, 0, 0]
K_RESULT literal=-0.00 visible=128 text="0" cell=[1, 2, 128, 1, 0, 0, 0, 0, 0, 0, 0, 0, 0, 0, 0, 0, 0, 0, 0, 0, 0, 0, 0, 0, 0, 0, 0, 0, 0, 0, 0, 0, 0, 0, 0, 0, 42, 0, 0, 0]
K_RESULT literal=-0.00 visible=255 text="0" cell=[1, 2, 255, 1, 0, 0, 0, 0, 0, 0, 0, 0, 0, 0, 0, 0, 0, 0, 0, 0, 0, 0, 0, 0, 0, 0, 0, 0, 0, 0, 0, 0, 0, 0, 0, 0, 42, 0, 0, 0]
K_RESULT literal=12.340 visible=0 text="12" cell=[2, 3, 0, 0, 12, 0, 0, 0, 0, 253, 67, 20, 0, 0, 0, 0, 0, 0, 0, 0, 0, 0, 0, 0, 0, 0, 0, 0, 0, 0, 0, 0, 0, 0, 0, 0, 42, 0, 0, 0]
K_RESULT literal=12.340 visible=1 text="12.3" cell=[2, 3, 1, 0, 12, 0, 0, 0, 0, 253, 67, 20, 0, 0, 0, 0, 0, 0, 0, 0, 0, 0, 0, 0, 0, 0, 0, 0, 0, 0, 0, 0, 0, 0, 0, 0, 42, 0, 0, 0]
K_RESULT literal=12.340 visible=2 text="12.34" cell=[2, 3, 2, 0, 12, 0, 0, 0, 0, 253, 67, 20, 0, 0, 0, 0, 0, 0, 0, 0, 0, 0, 0, 0, 0, 0, 0, 0, 0, 0, 0, 0, 0, 0, 0, 0, 42, 0, 0, 0]
K_RESULT literal=12.340 visible=3 text="12.340" cell=[2, 3, 3, 0, 12, 0, 0, 0, 0, 253, 67, 20, 0, 0, 0, 0, 0, 0, 0, 0, 0, 0, 0, 0, 0, 0, 0, 0, 0, 0, 0, 0, 0, 0, 0, 0, 42, 0, 0, 0]
K_RESULT literal=12.340 visible=30 text="12.340000000000000000000000000000" cell=[2, 3, 30, 0, 12, 0, 0, 0, 0, 253, 67, 20, 0, 0, 0, 0, 0, 0, 0, 0, 0, 0, 0, 0, 0, 0, 0, 0, 0, 0, 0, 0, 0, 0, 0, 0, 42, 0, 0, 0]
K_RESULT literal=12.340 visible=31 text="12.340000000000000000000000000000" cell=[2, 3, 31, 0, 12, 0, 0, 0, 0, 253, 67, 20, 0, 0, 0, 0, 0, 0, 0, 0, 0, 0, 0, 0, 0, 0, 0, 0, 0, 0, 0, 0, 0, 0, 0, 0, 42, 0, 0, 0]
K_RESULT literal=12.340 visible=127 text="12.340000000000000000000000000000" cell=[2, 3, 127, 0, 12, 0, 0, 0, 0, 253, 67, 20, 0, 0, 0, 0, 0, 0, 0, 0, 0, 0, 0, 0, 0, 0, 0, 0, 0, 0, 0, 0, 0, 0, 0, 0, 42, 0, 0, 0]
K_RESULT literal=12.340 visible=128 text="0" cell=[2, 3, 128, 0, 12, 0, 0, 0, 0, 253, 67, 20, 0, 0, 0, 0, 0, 0, 0, 0, 0, 0, 0, 0, 0, 0, 0, 0, 0, 0, 0, 0, 0, 0, 0, 0, 42, 0, 0, 0]
K_RESULT literal=12.340 visible=255 text="10" cell=[2, 3, 255, 0, 12, 0, 0, 0, 0, 253, 67, 20, 0, 0, 0, 0, 0, 0, 0, 0, 0, 0, 0, 0, 0, 0, 0, 0, 0, 0, 0, 0, 0, 0, 0, 0, 42, 0, 0, 0]
K_RESULT literal=-12.340 visible=0 text="-12" cell=[2, 3, 0, 1, 12, 0, 0, 0, 0, 253, 67, 20, 0, 0, 0, 0, 0, 0, 0, 0, 0, 0, 0, 0, 0, 0, 0, 0, 0, 0, 0, 0, 0, 0, 0, 0, 42, 0, 0, 0]
K_RESULT literal=-12.340 visible=1 text="-12.3" cell=[2, 3, 1, 1, 12, 0, 0, 0, 0, 253, 67, 20, 0, 0, 0, 0, 0, 0, 0, 0, 0, 0, 0, 0, 0, 0, 0, 0, 0, 0, 0, 0, 0, 0, 0, 0, 42, 0, 0, 0]
K_RESULT literal=-12.340 visible=2 text="-12.34" cell=[2, 3, 2, 1, 12, 0, 0, 0, 0, 253, 67, 20, 0, 0, 0, 0, 0, 0, 0, 0, 0, 0, 0, 0, 0, 0, 0, 0, 0, 0, 0, 0, 0, 0, 0, 0, 42, 0, 0, 0]
K_RESULT literal=-12.340 visible=3 text="-12.340" cell=[2, 3, 3, 1, 12, 0, 0, 0, 0, 253, 67, 20, 0, 0, 0, 0, 0, 0, 0, 0, 0, 0, 0, 0, 0, 0, 0, 0, 0, 0, 0, 0, 0, 0, 0, 0, 42, 0, 0, 0]
K_RESULT literal=-12.340 visible=30 text="-12.340000000000000000000000000000" cell=[2, 3, 30, 1, 12, 0, 0, 0, 0, 253, 67, 20, 0, 0, 0, 0, 0, 0, 0, 0, 0, 0, 0, 0, 0, 0, 0, 0, 0, 0, 0, 0, 0, 0, 0, 0, 42, 0, 0, 0]
K_RESULT literal=-12.340 visible=31 text="-12.340000000000000000000000000000" cell=[2, 3, 31, 1, 12, 0, 0, 0, 0, 253, 67, 20, 0, 0, 0, 0, 0, 0, 0, 0, 0, 0, 0, 0, 0, 0, 0, 0, 0, 0, 0, 0, 0, 0, 0, 0, 42, 0, 0, 0]
K_RESULT literal=-12.340 visible=127 text="-12.340000000000000000000000000000" cell=[2, 3, 127, 1, 12, 0, 0, 0, 0, 253, 67, 20, 0, 0, 0, 0, 0, 0, 0, 0, 0, 0, 0, 0, 0, 0, 0, 0, 0, 0, 0, 0, 0, 0, 0, 0, 42, 0, 0, 0]
K_RESULT literal=-12.340 visible=128 text="0" cell=[2, 3, 128, 1, 12, 0, 0, 0, 0, 253, 67, 20, 0, 0, 0, 0, 0, 0, 0, 0, 0, 0, 0, 0, 0, 0, 0, 0, 0, 0, 0, 0, 0, 0, 0, 0, 42, 0, 0, 0]
K_RESULT literal=-12.340 visible=255 text="-10" cell=[2, 3, 255, 1, 12, 0, 0, 0, 0, 253, 67, 20, 0, 0, 0, 0, 0, 0, 0, 0, 0, 0, 0, 0, 0, 0, 0, 0, 0, 0, 0, 0, 0, 0, 0, 0, 42, 0, 0, 0]
ok

test result: ok. 2 passed; 0 failed; 0 ignored; 0 measured; 385 filtered out; finished in 0.00s

