    Finished `test` profile [unoptimized] target(s) in 0.13s
warning: the following packages contain code that will be rejected by a future version of Rust: criterion v0.3.5, nom v2.2.1
note: to see what the problems were, use the option `--future-incompat-report`, or run `cargo report future-incompatibilities --id 1`
     Running unittests src/lib.rs (/home/agent/tidb/expression-unification/target-tikv/debug/deps/tidb_query_datatype-c69038c34a9f9f38)

running 387 tests
test codec::batch::lazy_column::benches::bench_lazy_batch_column_by_vec_clone ... ok
test codec::batch::lazy_column::benches::bench_lazy_batch_column_by_vec_push_raw_10bytes ... ok
test codec::batch::lazy_column::benches::bench_lazy_batch_column_clone_and_decode ... ok
test codec::batch::lazy_column::benches::bench_lazy_batch_column_clone_and_decode_decoded ... ok
test codec::batch::lazy_column::benches::bench_lazy_batch_column_clone_decoded ... ok
test codec::batch::lazy_column::benches::bench_lazy_batch_column_push_raw_4bytes ... ok
test codec::batch::lazy_column::tests::test_basic ... ok
test codec::chunk::chunk::tests::bench_encode_from_raw_bytes_datum ... ok
test codec::chunk::chunk::tests::bench_encode_from_raw_decimal_datum ... ok
test codec::chunk::chunk::tests::bench_encode_from_raw_int_datum ... ok
test codec::chunk::chunk::tests::bench_encode_from_raw_json_datum ... ok
test codec::chunk::chunk::tests::test_append_datum ... ok
test codec::chunk::chunk::tests::test_append_lazy_col ... ok
test codec::chunk::chunk::tests::test_codec ... ok
test codec::chunk::column::tests::test_column_bytes ... ok
test codec::chunk::column::tests::test_column_decimal ... ok
test codec::chunk::column::tests::test_column_duration ... ok
test codec::chunk::column::tests::test_column_f32 ... ok
test codec::chunk::column::tests::test_column_f64 ... ok
test codec::chunk::column::tests::test_column_i64 ... ok
test codec::chunk::column::tests::test_column_json ... ok
test codec::chunk::column::tests::test_column_time ... ok
test codec::chunk::column::tests::test_column_u64 ... ok
test codec::chunk::column::tests::test_decimal_selected_null_cells_are_zero_bytes ... ok
test codec::collation::charset::tests::test_utf8mb4_decode_one ... ok
test codec::collation::collator::gb18030_collation::tests::test_weight ... ok
test codec::collation::collator::tests::test_compare ... ok
test codec::collation::collator::tests::test_latin1_bin ... ok
test codec::collation::collator::tests::test_shared_hash_protocol_is_not_key_hash ... ok
test codec::collation::collator::tests::test_shared_key_options_and_cow ... ok
test codec::collation::collator::tests::test_shared_max_key_len_go_rune_count ... ok
test codec::collation::collator::tests::test_shared_raw_kernels_do_not_validate_utf8 ... ok
test codec::collation::collator::tests::test_shared_signed_ids_keep_padding_and_like_modes ... ok
test codec::collation::collator::tests::test_utf8mb4_sort_key ... ok
test codec::collation::encoding::gb18030::tests::test_decode ... ok
test codec::collation::encoding::gb18030::tests::test_encode ... ok
test codec::collation::encoding::unicode_letter::tests::test_case ... ok
test codec::collation::pattern::tests::test_shared_pattern_character_equality ... ok
test codec::collation::pattern::tests::test_shared_pattern_mixed_charset_preserves_literal_bytes ... ok
test codec::collation::pattern::tests::test_shared_pattern_raw_compiled_equivalence ... ok
test codec::collation::pattern::tests::test_shared_pattern_trailing_escape_policy ... ok
test codec::convert::tests::test_bytes_to_f64 ... ok
test codec::convert::tests::test_bytes_to_f64_invalid_utf8 ... ok
test codec::convert::tests::test_bytes_to_int ... ok
test codec::convert::tests::test_bytes_to_int_overflow ... ok
test codec::convert::tests::test_bytes_to_int_truncated ... ok
test codec::convert::tests::test_bytes_to_int_without_context ... ok
test codec::convert::tests::test_bytes_to_uint ... ok
test codec::convert::tests::test_bytes_to_uint_truncated ... ok
test codec::convert::tests::test_bytes_to_uint_without_context ... ok
test codec::convert::tests::test_cast_err_when_json_array_or_object_to_int ... ok
test codec::convert::tests::test_cast_err_when_json_array_or_object_to_uint ... ok
test codec::convert::tests::test_datatype_to_int_overflow ... ok
test codec::convert::tests::test_datatype_to_uint_overflow ... ok
test codec::convert::tests::test_float_to_int ... ok
test codec::convert::tests::test_float_to_uint ... ok
test codec::convert::tests::test_get_valid_float_prefix ... ok
test codec::convert::tests::test_int_to_int ... ok
test codec::convert::tests::test_int_to_uint ... ok
test codec::convert::tests::test_invalid_get_valid_int_prefix ... ok
test codec::convert::tests::test_json_to_int ... ok
test codec::convert::tests::test_json_to_uint ... ok
test codec::convert::tests::test_produce_dec_with_specified_tp ... ok
test codec::convert::tests::test_produce_dec_with_specified_tp_2 ... ok
test codec::convert::tests::test_produce_str_with_specified_tp ... ok
test codec::convert::tests::test_producer_boundary_rejects_before_overflow_warning ... ok
test codec::convert::tests::test_producer_boundary_rejects_fully_specified_target ... ok
test codec::convert::tests::test_producer_policy_current_observations ... ok
test codec::convert::tests::test_round_int_str ... ok
test codec::convert::tests::test_storage_bridge_fallback_current_observations ... ok
test codec::convert::tests::test_storage_bridge_propagates_bytes_error ... ok
test codec::convert::tests::test_storage_bridge_propagates_string_error ... ok
test codec::convert::tests::test_truncate_binary ... ok
test codec::convert::tests::test_truncate_f64 ... ok
test codec::convert::tests::test_uint_into_int ... ok
test codec::convert::tests::test_uint_into_uint ... ok
test codec::convert::tests::test_valid_get_valid_int_prefix ... ok
test codec::data_type::bit_vec::tests::test_append ... ok
test codec::data_type::bit_vec::tests::test_bit_and_iterator ... ok
test codec::data_type::bit_vec::tests::test_bit_and_iterator_empty ... ok
test codec::data_type::bit_vec::tests::test_checked_word_len_does_not_overflow_ceil ... ok
test codec::data_type::bit_vec::tests::test_len_is_empty ... ok
test codec::data_type::bit_vec::tests::test_push ... ok
test codec::data_type::bit_vec::tests::test_push_all_combinations ... ok
test codec::data_type::bit_vec::tests::test_push_on_edge ... ok
test codec::data_type::bit_vec::tests::test_replace ... ok
test codec::data_type::bit_vec::tests::test_replace_all_combinations ... ok
test codec::data_type::bit_vec::tests::test_retained_heap_bytes_after_append_and_clone ... ok
test codec::data_type::bit_vec::tests::test_retained_heap_bytes_and_reserved_word_boundaries ... ok
test codec::data_type::bit_vec::tests::test_truncate ... ok
test codec::data_type::bit_vec::tests::test_with_capacity ... ok
test codec::data_type::chunked_vec_bytes::benches::bench_bytes_append ... ok
test codec::data_type::chunked_vec_bytes::benches::bench_bytes_iterate ... ok
test codec::data_type::chunked_vec_bytes::tests::test_append ... ok
test codec::data_type::chunked_vec_bytes::tests::test_basics ... ok
test codec::data_type::chunked_vec_bytes::tests::test_reservation_failure_preserves_values_not_capacity_rollback ... ok
test codec::data_type::chunked_vec_bytes::tests::test_reservation_preflights_overflow_before_any_reserve ... ok
test codec::data_type::chunked_vec_bytes::tests::test_reserved_null_empty_and_bitmap_boundaries_do_not_grow ... ok
test codec::data_type::chunked_vec_bytes::tests::test_retained_heap_bytes_after_preallocate_truncate_append_and_clone ... ok
test codec::data_type::chunked_vec_bytes::tests::test_slice_vec ... ok
test codec::data_type::chunked_vec_bytes::tests::test_truncate ... ok
test codec::data_type::chunked_vec_bytes::tests::test_writer ... ok
test codec::data_type::chunked_vec_enum::tests::test_append ... ok
test codec::data_type::chunked_vec_enum::tests::test_basics ... ok
test codec::data_type::chunked_vec_enum::tests::test_truncate ... ok
test codec::data_type::chunked_vec_json::tests::test_append ... ok
test codec::data_type::chunked_vec_json::tests::test_basics ... ok
test codec::data_type::chunked_vec_json::tests::test_slice_vec ... ok
test codec::data_type::chunked_vec_json::tests::test_truncate ... ok
test codec::data_type::chunked_vec_set::tests::test_append ... ok
test codec::data_type::chunked_vec_set::tests::test_basics ... ok
test codec::data_type::chunked_vec_set::tests::test_truncate ... ok
test codec::data_type::chunked_vec_sized::benches::bench_append ... ok
test codec::data_type::chunked_vec_sized::benches::bench_iterate ... ok
test codec::data_type::chunked_vec_sized::tests::test_append ... ok
test codec::data_type::chunked_vec_sized::tests::test_basics ... ok
test codec::data_type::chunked_vec_sized::tests::test_owned_payload_clone_append_truncate_and_drop ... ok
test codec::data_type::chunked_vec_sized::tests::test_push_null_uses_default_payload ... ok
test codec::data_type::chunked_vec_sized::tests::test_set ... ok
test codec::data_type::chunked_vec_sized::tests::test_set_none_drops_old_payload_and_retains_default ... ok
test codec::data_type::chunked_vec_sized::tests::test_slice_vec ... ok
test codec::data_type::chunked_vec_sized::tests::test_truncate ... ok
test codec::data_type::tests::test_bytes_as_bool ... ok
test codec::data_type::tests::test_real_as_bool ... ok
test codec::data_type::vector::tests::test_append ... ok
test codec::data_type::vector::tests::test_basic ... ok
test codec::data_type::vector::tests::test_decimal_selected_null_datum_bytes_after_clone ... ok
test codec::data_type::vector::tests::test_from ... ok
test codec::datum::tests::test_cast_as_json ... ok
test codec::datum::tests::test_coerce_datum ... ok
test codec::datum::tests::test_datum_cmp ... ok
test codec::datum::tests::test_datum_codec ... ok
test codec::datum::tests::test_datum_into_json ... ok
test codec::datum::tests::test_datum_to_bool ... ok
test codec::datum::tests::test_decimal_result_text_json_key_and_other_datums ... ok
test codec::datum::tests::test_decimal_result_text_preserves_raw_display_contract ... ok
test codec::datum::tests::test_into_f64 ... ok
test codec::datum::tests::test_into_i64 ... ok
test codec::datum::tests::test_split_datum ... ok
test codec::mysql::binary_literal::tests::test_binary_literal_cmp ... ok
test codec::mysql::binary_literal::tests::test_binary_literal_from_bit_str ... ok
test codec::mysql::binary_literal::tests::test_binary_literal_from_hex_str ... ok
test codec::mysql::binary_literal::tests::test_binary_literal_from_u64 ... ok
test codec::mysql::binary_literal::tests::test_binary_literal_to_bit_string ... ok
test codec::mysql::binary_literal::tests::test_binary_literal_to_string ... ok
test codec::mysql::binary_literal::tests::test_binary_literal_to_uint ... ok
test codec::mysql::binary_literal::tests::test_trim_leading_zero_bytes ... ok
test codec::mysql::decimal::tests::test_add ... ok
test codec::mysql::decimal::tests::test_bytes_to_decimal ... ok
test codec::mysql::decimal::tests::test_ceil ... ok
test codec::mysql::decimal::tests::test_chunk_codec ... ok
test codec::mysql::decimal::tests::test_chunk_empty_prefix_is_safe_physical_zero ... ok
test codec::mysql::decimal::tests::test_chunk_fields_are_independent_of_owning_layout ... ok
test codec::mysql::decimal::tests::test_chunk_preserves_raw_shape_and_result_header_domain ... ok
test codec::mysql::decimal::tests::test_chunk_rejects_invalid_owned_value_fields ... ok
test codec::mysql::decimal::tests::test_cmp ... ok
test codec::mysql::decimal::tests::test_codec ... ok
test codec::mysql::decimal::tests::test_decode_chunk_from_tidb ... ok
test codec::mysql::decimal::tests::test_default_is_valid_zero ... ok
test codec::mysql::decimal::tests::test_div_mod ... ok
test codec::mysql::decimal::tests::test_exact_parts_preserve_independent_scales_and_hidden_digits ... ok
test codec::mysql::decimal::tests::test_exact_parts_preserve_status_payloads ... ok
test codec::mysql::decimal::tests::test_exact_parts_reject_invalid ... ok
test codec::mysql::decimal::tests::test_exact_parts_reject_over_capacity_overflow_payload ... ok
test codec::mysql::decimal::tests::test_exact_parts_round_trip ... ok
test codec::mysql::decimal::tests::test_fixed_word_limit_uses_wide_count_arithmetic ... ok
test codec::mysql::decimal::tests::test_floor ... ok
test codec::mysql::decimal::tests::test_from_f64 ... ok
test codec::mysql::decimal::tests::test_from_i64 ... ok
test codec::mysql::decimal::tests::test_from_u64 ... ok
test codec::mysql::decimal::tests::test_hash ... ok
test codec::mysql::decimal::tests::test_inline_words_and_clone_ownership ... ok
test codec::mysql::decimal::tests::test_into_result_impl ... ok
test codec::mysql::decimal::tests::test_legacy_boundary_characterization ... ok
test codec::mysql::decimal::tests::test_max_decimal ... ok
test codec::mysql::decimal::tests::test_max_or_min_decimal ... ok
test codec::mysql::decimal::tests::test_mul ... ok
test codec::mysql::decimal::tests::test_mul_truncated ... ok
test codec::mysql::decimal::tests::test_mul_zero_preserves_result_scale ... ok
test codec::mysql::decimal::tests::test_mul_zero_sign_and_operand_symmetry ... ok
test codec::mysql::decimal::tests::test_neg ... ok
test codec::mysql::decimal::tests::test_private_boundary_rejects_invalid_convert_target ... ok
test codec::mysql::decimal::tests::test_private_boundary_rejects_invalid_encode_target ... ok
test codec::mysql::decimal::tests::test_private_canonical_parser_grow ... ok
test codec::mysql::decimal::tests::test_private_checked_max_and_raw_full_clone ... ok
test codec::mysql::decimal::tests::test_private_codec_max_visible_bounded_diagnostics ... ok
test codec::mysql::decimal::tests::test_private_codec_visible_300_observation ... ok
test codec::mysql::decimal::tests::test_private_division_preflight_and_fixed_domain ... ok
test codec::mysql::decimal::tests::test_private_eager_res_argument_baseline ... ok
test codec::mysql::decimal::tests::test_private_fixed_mod_full_fraction_budget ... ok
test codec::mysql::decimal::tests::test_private_fixed_mod_max_visible_zero_budget ... ok
test codec::mysql::decimal::tests::test_private_fixed_mod_visible_only_zero_budget ... ok
test codec::mysql::decimal::tests::test_private_fixed_policy_current_observations ... ok
test codec::mysql::decimal::tests::test_private_grow_avg_retention ... ok
test codec::mysql::decimal::tests::test_private_grow_comparison_hash_and_clone ... ok
test codec::mysql::decimal::tests::test_private_grow_fraction_alignment ... ok
test codec::mysql::decimal::tests::test_private_grow_hidden_scales_and_resource_checks ... ok
test codec::mysql::decimal::tests::test_private_grow_independent_498_digit_quotient ... ok
test codec::mysql::decimal::tests::test_private_grow_independent_fraction_values ... ok
test codec::mysql::decimal::tests::test_private_grow_integer_pair_large_quotient ... ok
test codec::mysql::decimal::tests::test_private_grow_integer_pair_signs_and_zero ... ok
test codec::mysql::decimal::tests::test_private_grow_integer_workers ... ok
test codec::mysql::decimal::tests::test_private_grow_round_modes ... ok
test codec::mysql::decimal::tests::test_private_grow_round_wide_carry_and_zero ... ok
test codec::mysql::decimal::tests::test_private_lazy_res_factory_compatibility ... ok
test codec::mysql::decimal::tests::test_private_mysql_parse_executed_guards ... ok
test codec::mysql::decimal::tests::test_private_mysql_parse_order_and_round_origin ... ok
test codec::mysql::decimal::tests::test_private_parser_legacy_policy_differences ... ok
test codec::mysql::decimal::tests::test_private_parser_mantissa_capacity_preselection ... ok
test codec::mysql::decimal::tests::test_private_producer_wide_current_observations ... ok
test codec::mysql::decimal::tests::test_private_round_zero_policy_and_count_preflight ... ok
test codec::mysql::decimal::tests::test_private_shared_shift_grow_alignment ... ok
test codec::mysql::decimal::tests::test_private_storage_bridge_current_observations ... ok
test codec::mysql::decimal::tests::test_private_storage_float_current_observations ... ok
test codec::mysql::decimal::tests::test_private_streaming_full_u32_failure ... ok
test codec::mysql::decimal::tests::test_private_streaming_raw_result_255 ... ok
test codec::mysql::decimal::tests::test_private_streaming_result_scales ... ok
test codec::mysql::decimal::tests::test_private_wide_integer_conversion_extents ... ok
test codec::mysql::decimal::tests::test_private_words_import_equality_and_physical_boundary ... ok
test codec::mysql::decimal::tests::test_private_words_import_exact_fields_and_ownership ... ok
test codec::mysql::decimal::tests::test_private_words_import_rejects_invalid_shape ... ok
test codec::mysql::decimal::tests::test_round ... ok
test codec::mysql::decimal::tests::test_shift ... ok
test codec::mysql::decimal::tests::test_string ... ok
test codec::mysql::decimal::tests::test_sub ... ok
test codec::mysql::decimal::tests::test_to_f64 ... ok
test codec::mysql::decimal::tests::test_to_i64 ... ok
test codec::mysql::decimal::tests::test_to_u64 ... ok
test codec::mysql::duration::benches::bench_checked_add_and_sub_duration ... ok
test codec::mysql::duration::benches::bench_codec ... ok
test codec::mysql::duration::benches::bench_hours ... ok
test codec::mysql::duration::benches::bench_parse ... ok
test codec::mysql::duration::benches::bench_round_frac ... ok
test codec::mysql::duration::benches::bench_to_decimal ... ok
test codec::mysql::duration::tests::test_checked_add_and_sub_duration ... ok
test codec::mysql::duration::tests::test_codec ... ok
test codec::mysql::duration::tests::test_from_i64 ... ok
test codec::mysql::duration::tests::test_hours ... ok
test codec::mysql::duration::tests::test_minutes ... ok
test codec::mysql::duration::tests::test_parse_consider_overflow ... ok
test codec::mysql::duration::tests::test_parse_duration ... ok
test codec::mysql::duration::tests::test_parse_overflow_as_warning ... ok
test codec::mysql::duration::tests::test_round_frac ... ok
test codec::mysql::duration::tests::test_secs ... ok
test codec::mysql::duration::tests::test_subsec_micros ... ok
test codec::mysql::duration::tests::test_to_decimal ... ok
test codec::mysql::duration::tests::test_to_f64 ... ok
test codec::mysql::duration::tests::test_to_numeric_string ... ok
test codec::mysql::enums::tests::test_as_str ... ok
test codec::mysql::enums::tests::test_is_empty ... ok
test codec::mysql::enums::tests::test_read_enum_compact_bytes ... ok
test codec::mysql::enums::tests::test_read_enum_uint ... ok
test codec::mysql::enums::tests::test_read_enum_var_uint ... ok
test codec::mysql::enums::tests::test_to_string ... ok
test codec::mysql::enums::tests::test_write_enum ... ok
test codec::mysql::enums::tests::test_write_enum_to_chunk ... ok
test codec::mysql::enums::tests::test_write_enum_to_chunk_by_payload_compact_bytes ... ok
test codec::mysql::enums::tests::test_write_enum_to_chunk_by_payload_uint ... ok
test codec::mysql::enums::tests::test_write_enum_to_chunk_by_payload_var_uint ... ok
test codec::mysql::json::binary::tests::test_array_get_elem ... ok
test codec::mysql::json::binary::tests::test_object_get_val ... ok
test codec::mysql::json::binary::tests::test_type ... ok
test codec::mysql::json::comparison::tests::test_cmp_json_between_diff_type ... ok
test codec::mysql::json::comparison::tests::test_cmp_json_between_json_type ... ok
test codec::mysql::json::comparison::tests::test_cmp_json_between_same_type ... ok
test codec::mysql::json::comparison::tests::test_cmp_json_numberic_type ... ok
test codec::mysql::json::jcodec::tests::test_json_binary ... ok
test codec::mysql::json::json_contains::tests::test_json_contains ... ok
test codec::mysql::json::json_depth::tests::test_json_depth ... ok
test codec::mysql::json::json_extract::tests::test_json_extract ... ok
test codec::mysql::json::json_keys::tests::test_json_keys ... ok
test codec::mysql::json::json_length::tests::test_json_length ... ok
test codec::mysql::json::json_memberof::tests::test_json_member_of ... ok
test codec::mysql::json::json_merge::tests::test_merge ... ok
test codec::mysql::json::json_modify::tests::test_json_modify ... ok
test codec::mysql::json::json_remove::tests::test_json_remove ... ok
test codec::mysql::json::json_type::tests::test_type ... ok
test codec::mysql::json::json_unquote::tests::test_decode_escaped_unicode ... ok
test codec::mysql::json::json_unquote::tests::test_json_unquote ... ok
test codec::mysql::json::json_unquote::tests::test_json_unquote_time_duration ... ok
test codec::mysql::json::path_expr::tests::test_parse_json_path_expr ... ok
test codec::mysql::json::path_expr::tests::test_parse_json_path_expr_contains_any_asterisk ... ok
test codec::mysql::json::path_expr::tests::test_parse_json_path_expr_contains_any_range ... ok
test codec::mysql::json::path_expr::tests::test_path_expression_flag ... ok
test codec::mysql::json::serde::tests::test_from_str ... ok
test codec::mysql::json::serde::tests::test_from_str_for_object ... ok
test codec::mysql::json::serde::tests::test_to_str ... ok
test codec::mysql::json::tests::test_cast_err_when_json_array_or_object_to_real ... ok
test codec::mysql::json::tests::test_cast_to_real ... ok
test codec::mysql::json::tests::test_json_array ... ok
test codec::mysql::json::tests::test_json_object ... ok
test codec::mysql::set::tests::test_is_empty ... ok
test codec::mysql::set::tests::test_is_set ... ok
test codec::mysql::set::tests::test_to_string ... ok
test codec::mysql::time::interval::tests::test_bytes_ref_to_interval_string ... ok
test codec::mysql::time::interval::tests::test_decimal_interval_deferred_format_bounded_compatibility ... ok
test codec::mysql::time::interval::tests::test_decimal_to_interval ... ok
test codec::mysql::time::interval::tests::test_i64_to_interval_string ... ok
test codec::mysql::time::interval::tests::test_interval_extract_duration ... ok
test codec::mysql::time::interval::tests::test_interval_parse_from_str ... ok
test codec::mysql::time::interval::tests::test_is_clock_unit ... ok
test codec::mysql::time::interval::tests::test_real_to_interval_string ... ok
test codec::mysql::time::tests::checked_add_sub_duration ... ok
test codec::mysql::time::tests::test_add_months ... ok
test codec::mysql::time::tests::test_add_sec_nanos ... ok
test codec::mysql::time::tests::test_allow_invalid_date ... ok
test codec::mysql::time::tests::test_allow_invalid_timestamp ... ok
test codec::mysql::time::tests::test_codec_datetime ... ok
test codec::mysql::time::tests::test_codec_timestamp ... ok
test codec::mysql::time::tests::test_compare ... ok
test codec::mysql::time::tests::test_convert_to_f64 ... ok
test codec::mysql::time::tests::test_date_format ... ok
test codec::mysql::time::tests::test_from_duration ... ok
test codec::mysql::time::tests::test_from_local_time ... ok
test codec::mysql::time::tests::test_get_daynr ... ok
test codec::mysql::time::tests::test_invalid_datetime ... ok
test codec::mysql::time::tests::test_no_zero_date ... ok
test codec::mysql::time::tests::test_no_zero_in_date ... ok
test codec::mysql::time::tests::test_normalized ... ok
test codec::mysql::time::tests::test_parse_from_decimal ... ok
test codec::mysql::time::tests::test_parse_from_decimal_default ... ok
test codec::mysql::time::tests::test_parse_from_i64 ... ok
test codec::mysql::time::tests::test_parse_from_i64_default ... ok
test codec::mysql::time::tests::test_parse_from_real ... ok
test codec::mysql::time::tests::test_parse_from_real_default ... ok
test codec::mysql::time::tests::test_parse_from_real_zero_date ... ok
test codec::mysql::time::tests::test_parse_time_with_tz ... ok
test codec::mysql::time::tests::test_parse_valid_date ... ok
test codec::mysql::time::tests::test_parse_valid_datetime ... ok
test codec::mysql::time::tests::test_parse_valid_timestamp ... ok
test codec::mysql::time::tests::test_round_frac ... ok
test codec::mysql::time::tests::test_timestamp_diff ... ok
test codec::mysql::time::tests::test_to_decimal ... ok
test codec::mysql::time::tests::test_to_numeric_string ... ok
test codec::mysql::time::tests::test_weekday ... ok
test codec::mysql::vector::tests::test_compare ... ok
test codec::mysql::vector::tests::test_decode ... ok
test codec::mysql::vector::tests::test_encode ... ok
test codec::mysql::vector::tests::test_input_length ... ok
test codec::mysql::vector::tests::test_nan_inf ... ok
test codec::mysql::vector::tests::test_to_string ... ok
test codec::overflow::tests::test_div ... ok
test codec::row::v2::compat_v1::tests::test_bytes ... ok
test codec::row::v2::compat_v1::tests::test_datetime ... ok
test codec::row::v2::compat_v1::tests::test_decimal ... ok
test codec::row::v2::compat_v1::tests::test_duration ... ok
test codec::row::v2::compat_v1::tests::test_int ... ok
test codec::row::v2::compat_v1::tests::test_json ... ok
test codec::row::v2::compat_v1::tests::test_real ... ok
test codec::row::v2::compat_v1::tests::test_uint ... ok
test codec::row::v2::encoder_for_test::tests::test_encode ... ok
test codec::row::v2::encoder_for_test::tests::test_encode_big ... ok
test codec::row::v2::encoder_for_test::tests::test_encode_checksum ... ok
test codec::row::v2::encoder_for_test::tests::test_encode_unsigned ... ok
test codec::row::v2::row_slice::benches::bench_from_bytes_big ... ok
test codec::row::v2::row_slice::benches::bench_search_in_non_null_ids ... ok
test codec::row::v2::row_slice::benches::bench_search_in_non_null_ids_big ... ok
test codec::row::v2::row_slice::benches::bench_search_in_non_null_ids_middle ... ok
test codec::row::v2::row_slice::benches::bench_search_in_null_ids_middle ... ok
test codec::row::v2::row_slice::tests::test_decode_with_checksum ... ok
test codec::row::v2::row_slice::tests::test_read_le_bytes ... ok
test codec::row::v2::row_slice::tests::test_search_in_non_null_ids ... ok
test codec::row::v2::row_slice::tests::test_search_in_null_ids ... ok
test codec::table::tests::test_check_key_type ... ok
test codec::table::tests::test_check_table_range ... ok
test codec::table::tests::test_common_handle_from_lazy_batch_column_vec ... ok
test codec::table::tests::test_common_handle_methods ... ok
test codec::table::tests::test_decode_table_id ... ok
test codec::table::tests::test_extract_table_prefix ... ok
test codec::table::tests::test_idx_codec ... ok
test codec::table::tests::test_index_key_codec ... ok
test codec::table::tests::test_int_handle_from_lazy_batch_column_vec ... ok
test codec::table::tests::test_int_handle_methods ... ok
test codec::table::tests::test_row_codec ... ok
test codec::table::tests::test_row_key_codec ... ok
test def::eval_type::tests::test_fieldtype_to_evaltype ... ok
test def::field_type::tests::test_charset_from_str ... ok
test def::field_type::tests::test_collate_from_i32 ... ok
test def::field_type::tests::test_field_type_from_i32 ... ok
test def::field_type::tests::test_field_type_from_u8 ... ok
test def::field_type::tests::test_field_type_to_u8 ... ok
test def::field_type::tests::test_need_restored_data ... ok
test expr::ctx::tests::test_handle_division_by_zero ... ok
test expr::ctx::tests::test_handle_invalid_time_error ... ok
test expr::ctx::tests::test_handle_truncate ... ok
test expr::ctx::tests::test_max_warning_cnt ... ok
test expr::ctx::tests::test_short_circuit_flag_from_dag_request ... ok

test result: ok. 387 passed; 0 failed; 0 ignored; 0 measured; 0 filtered out; finished in 0.03s

